// Jest Snapshot v1, https://goo.gl/fbAQLP

exports[`history deletion 1`] = `
Object {
  "computeNeeded": true,
}
`;
